// Jest Snapshot v1, https://goo.gl/fbAQLP

exports[`ui-display-banner Snapshot test 1`] = `
<div
  data-testid="banner"
  style="background-color: rgba(255, 255, 255, 0.8); width: 100%; position: fixed;"
>
  <p
    style="text-align: center;"
  >
    Message 1
  </p>
</div>
`;
