// Jest Snapshot v1, https://goo.gl/fbAQLP

exports[`ui-google-bell Snapshot test of bell button 1`] = `
<button
  aria-controls="radix-:r0:"
  aria-expanded="false"
  aria-haspopup="dialog"
  data-state="closed"
  data-testid="google-bell-button"
  style="position: fixed; right: 1rem; bottom: 1rem;"
  type="button"
>
  <svg
    class="mr-2 h-4 w-4"
    fill="none"
    height="24"
    stroke="currentColor"
    stroke-linecap="round"
    stroke-linejoin="round"
    stroke-width="2"
    viewBox="0 0 24 24"
    width="24"
    xmlns="http://www.w3.org/2000/svg"
  >
    <path
      d="M6 8a6 6 0 0 1 12 0c0 7 3 9 3 9H3s3-2 3-9"
    />
    <path
      d="M10.3 21a1.94 1.94 0 0 0 3.4 0"
    />
  </svg>
</button>
`;
